Archive member included to satisfy reference by file (symbol)

/Applications/Ac6/SystemWorkbench.app/Contents/Eclipse/plugins/fr.ac6.mcu.externaltools.arm-none.macos64_1.6.0.201601291255/tools/compiler/bin/../lib/gcc/arm-none-eabi/5.2.1/armv7e-m/fpu/libgcc.a(_aeabi_uldivmod.o)
                              Drivers/STM32L4xx_HAL_Driver/Src/stm32l4xx_hal_uart.o (__aeabi_uldivmod)
/Applications/Ac6/SystemWorkbench.app/Contents/Eclipse/plugins/fr.ac6.mcu.externaltools.arm-none.macos64_1.6.0.201601291255/tools/compiler/bin/../lib/gcc/arm-none-eabi/5.2.1/armv7e-m/fpu/libgcc.a(_udivmoddi4.o)
                              /Applications/Ac6/SystemWorkbench.app/Contents/Eclipse/plugins/fr.ac6.mcu.externaltools.arm-none.macos64_1.6.0.201601291255/tools/compiler/bin/../lib/gcc/arm-none-eabi/5.2.1/armv7e-m/fpu/libgcc.a(_aeabi_uldivmod.o) (__udivmoddi4)
/Applications/Ac6/SystemWorkbench.app/Contents/Eclipse/plugins/fr.ac6.mcu.externaltools.arm-none.macos64_1.6.0.201601291255/tools/compiler/bin/../lib/gcc/arm-none-eabi/5.2.1/armv7e-m/fpu/libgcc.a(_dvmd_tls.o)
                              /Applications/Ac6/SystemWorkbench.app/Contents/Eclipse/plugins/fr.ac6.mcu.externaltools.arm-none.macos64_1.6.0.201601291255/tools/compiler/bin/../lib/gcc/arm-none-eabi/5.2.1/armv7e-m/fpu/libgcc.a(_aeabi_uldivmod.o) (__aeabi_ldiv0)
/Applications/Ac6/SystemWorkbench.app/Contents/Eclipse/plugins/fr.ac6.mcu.externaltools.arm-none.macos64_1.6.0.201601291255/tools/compiler/bin/../lib/gcc/arm-none-eabi/5.2.1/../../../../arm-none-eabi/lib/armv7e-m/fpu/libc_nano.a(lib_a-exit.o)
                              /Applications/Ac6/SystemWorkbench.app/Contents/Eclipse/plugins/fr.ac6.mcu.externaltools.arm-none.macos64_1.6.0.201601291255/tools/compiler/bin/../lib/gcc/arm-none-eabi/5.2.1/../../../../arm-none-eabi/lib/armv7e-m/fpu/crt0.o (exit)
/Applications/Ac6/SystemWorkbench.app/Contents/Eclipse/plugins/fr.ac6.mcu.externaltools.arm-none.macos64_1.6.0.201601291255/tools/compiler/bin/../lib/gcc/arm-none-eabi/5.2.1/../../../../arm-none-eabi/lib/armv7e-m/fpu/libc_nano.a(lib_a-impure.o)
                              /Applications/Ac6/SystemWorkbench.app/Contents/Eclipse/plugins/fr.ac6.mcu.externaltools.arm-none.macos64_1.6.0.201601291255/tools/compiler/bin/../lib/gcc/arm-none-eabi/5.2.1/../../../../arm-none-eabi/lib/armv7e-m/fpu/libc_nano.a(lib_a-exit.o) (_global_impure_ptr)
/Applications/Ac6/SystemWorkbench.app/Contents/Eclipse/plugins/fr.ac6.mcu.externaltools.arm-none.macos64_1.6.0.201601291255/tools/compiler/bin/../lib/gcc/arm-none-eabi/5.2.1/../../../../arm-none-eabi/lib/armv7e-m/fpu/libc_nano.a(lib_a-init.o)
                              /Applications/Ac6/SystemWorkbench.app/Contents/Eclipse/plugins/fr.ac6.mcu.externaltools.arm-none.macos64_1.6.0.201601291255/tools/compiler/bin/../lib/gcc/arm-none-eabi/5.2.1/../../../../arm-none-eabi/lib/armv7e-m/fpu/crt0.o (__libc_init_array)
/Applications/Ac6/SystemWorkbench.app/Contents/Eclipse/plugins/fr.ac6.mcu.externaltools.arm-none.macos64_1.6.0.201601291255/tools/compiler/bin/../lib/gcc/arm-none-eabi/5.2.1/../../../../arm-none-eabi/lib/armv7e-m/fpu/libc_nano.a(lib_a-memset.o)
                              /Applications/Ac6/SystemWorkbench.app/Contents/Eclipse/plugins/fr.ac6.mcu.externaltools.arm-none.macos64_1.6.0.201601291255/tools/compiler/bin/../lib/gcc/arm-none-eabi/5.2.1/../../../../arm-none-eabi/lib/armv7e-m/fpu/crt0.o (memset)
/Applications/Ac6/SystemWorkbench.app/Contents/Eclipse/plugins/fr.ac6.mcu.externaltools.arm-none.macos64_1.6.0.201601291255/tools/compiler/bin/../lib/gcc/arm-none-eabi/5.2.1/../../../../arm-none-eabi/lib/armv7e-m/fpu/libnosys.a(_exit.o)
                              /Applications/Ac6/SystemWorkbench.app/Contents/Eclipse/plugins/fr.ac6.mcu.externaltools.arm-none.macos64_1.6.0.201601291255/tools/compiler/bin/../lib/gcc/arm-none-eabi/5.2.1/../../../../arm-none-eabi/lib/armv7e-m/fpu/libc_nano.a(lib_a-exit.o) (_exit)

Allocating common symbols
Common symbol       size              file

uwTick              0x4               Drivers/STM32L4xx_HAL_Driver/Src/stm32l4xx_hal.o
pFlash              0x20              Drivers/STM32L4xx_HAL_Driver/Src/stm32l4xx_hal_flash.o
htim6               0x3c              Src/stm32l4xx_hal_timebase_TIM.o
hspi1               0x64              Src/main.o
huart2              0x70              Src/main.o

Discarded input sections

 .text          0x0000000000000000        0x0 /Applications/Ac6/SystemWorkbench.app/Contents/Eclipse/plugins/fr.ac6.mcu.externaltools.arm-none.macos64_1.6.0.201601291255/tools/compiler/bin/../lib/gcc/arm-none-eabi/5.2.1/armv7e-m/fpu/crti.o
 .data          0x0000000000000000        0x0 /Applications/Ac6/SystemWorkbench.app/Contents/Eclipse/plugins/fr.ac6.mcu.externaltools.arm-none.macos64_1.6.0.201601291255/tools/compiler/bin/../lib/gcc/arm-none-eabi/5.2.1/armv7e-m/fpu/crti.o
[...]
Memory Configuration

Name             Origin             Length             Attributes
RAM              0x0000000020000000 0x000000000000c000 xrw
RAM2             0x0000000010000000 0x0000000000004000 xrw
FLASH            0x0000000008000000 0x0000000000040000 xr
*default*        0x0000000000000000 0xffffffffffffffff

Linker script and memory map

LOAD /Applications/Ac6/SystemWorkbench.app/Contents/Eclipse/plugins/fr.ac6.mcu.externaltools.arm-none.macos64_1.6.0.201601291255/tools/compiler/bin/../lib/gcc/arm-none-eabi/5.2.1/armv7e-m/fpu/crti.o
LOAD /Applications/Ac6/SystemWorkbench.app/Contents/Eclipse/plugins/fr.ac6.mcu.externaltools.arm-none.macos64_1.6.0.201601291255/tools/compiler/bin/../lib/gcc/arm-none-eabi/5.2.1/armv7e-m/fpu/crtbegin.o
LOAD /Applications/Ac6/SystemWorkbench.app/Contents/Eclipse/plugins/fr.ac6.mcu.externaltools.arm-none.macos64_1.6.0.201601291255/tools/compiler/bin/../lib/gcc/arm-none-eabi/5.2.1/../../../../arm-none-eabi/lib/armv7e-m/fpu/crt0.o
LOAD /Applications/Ac6/SystemWorkbench.app/Contents/Eclipse/plugins/fr.ac6.mcu.externaltools.arm-none.macos64_1.6.0.201601291255/tools/compiler/bin/../lib/gcc/arm-none-eabi/5.2.1/../../../../arm-none-eabi/lib/armv7e-m/fpu/libm.a
LOAD Drivers/CMSIS/Device/ST/STM32L4xx/Source/Templates/gcc/startup_stm32l432xx.o
LOAD Drivers/STM32L4xx_HAL_Driver/Src/stm32l4xx_hal.o
LOAD Drivers/STM32L4xx_HAL_Driver/Src/stm32l4xx_hal_cortex.o
LOAD Drivers/STM32L4xx_HAL_Driver/Src/stm32l4xx_hal_dma.o
LOAD Drivers/STM32L4xx_HAL_Driver/Src/stm32l4xx_hal_flash.o
LOAD Drivers/STM32L4xx_HAL_Driver/Src/stm32l4xx_hal_flash_ex.o
LOAD Drivers/STM32L4xx_HAL_Driver/Src/stm32l4xx_hal_flash_ramfunc.o
LOAD Drivers/STM32L4xx_HAL_Driver/Src/stm32l4xx_hal_gpio.o
LOAD Drivers/STM32L4xx_HAL_Driver/Src/stm32l4xx_hal_i2c.o
LOAD Drivers/STM32L4xx_HAL_Driver/Src/stm32l4xx_hal_i2c_ex.o
LOAD Drivers/STM32L4xx_HAL_Driver/Src/stm32l4xx_hal_pwr.o
LOAD Drivers/STM32L4xx_HAL_Driver/Src/stm32l4xx_hal_pwr_ex.o
LOAD Drivers/STM32L4xx_HAL_Driver/Src/stm32l4xx_hal_rcc.o
LOAD Drivers/STM32L4xx_HAL_Driver/Src/stm32l4xx_hal_rcc_ex.o
LOAD Drivers/STM32L4xx_HAL_Driver/Src/stm32l4xx_hal_spi.o
LOAD Drivers/STM32L4xx_HAL_Driver/Src/stm32l4xx_hal_spi_ex.o
LOAD Drivers/STM32L4xx_HAL_Driver/Src/stm32l4xx_hal_tim.o
LOAD Drivers/STM32L4xx_HAL_Driver/Src/stm32l4xx_hal_tim_ex.o
LOAD Drivers/STM32L4xx_HAL_Driver/Src/stm32l4xx_hal_uart.o
LOAD Drivers/STM32L4xx_HAL_Driver/Src/stm32l4xx_hal_uart_ex.o
LOAD Src/main.o
LOAD Src/stm32l4xx_hal_msp.o
LOAD Src/stm32l4xx_hal_timebase_TIM.o
LOAD Src/stm32l4xx_it.o
LOAD Src/system_stm32l4xx.o
START GROUP
LOAD /Applications/Ac6/SystemWorkbench.app/Contents/Eclipse/plugins/fr.ac6.mcu.externaltools.arm-none.macos64_1.6.0.201601291255/tools/compiler/bin/../lib/gcc/arm-none-eabi/5.2.1/armv7e-m/fpu/libgcc.a
LOAD /Applications/Ac6/SystemWorkbench.app/Contents/Eclipse/plugins/fr.ac6.mcu.externaltools.arm-none.macos64_1.6.0.201601291255/tools/compiler/bin/../lib/gcc/arm-none-eabi/5.2.1/../../../../arm-none-eabi/lib/armv7e-m/fpu/libc_nano.a
END GROUP
START GROUP
LOAD /Applications/Ac6/SystemWorkbench.app/Contents/Eclipse/plugins/fr.ac6.mcu.externaltools.arm-none.macos64_1.6.0.201601291255/tools/compiler/bin/../lib/gcc/arm-none-eabi/5.2.1/armv7e-m/fpu/libgcc.a
LOAD /Applications/Ac6/SystemWorkbench.app/Contents/Eclipse/plugins/fr.ac6.mcu.externaltools.arm-none.macos64_1.6.0.201601291255/tools/compiler/bin/../lib/gcc/arm-none-eabi/5.2.1/../../../../arm-none-eabi/lib/armv7e-m/fpu/libc_nano.a
LOAD /Applications/Ac6/SystemWorkbench.app/Contents/Eclipse/plugins/fr.ac6.mcu.externaltools.arm-none.macos64_1.6.0.201601291255/tools/compiler/bin/../lib/gcc/arm-none-eabi/5.2.1/../../../../arm-none-eabi/lib/armv7e-m/fpu/libnosys.a
END GROUP
START GROUP
LOAD /Applications/Ac6/SystemWorkbench.app/Contents/Eclipse/plugins/fr.ac6.mcu.externaltools.arm-none.macos64_1.6.0.201601291255/tools/compiler/bin/../lib/gcc/arm-none-eabi/5.2.1/armv7e-m/fpu/libgcc.a
LOAD /Applications/Ac6/SystemWorkbench.app/Contents/Eclipse/plugins/fr.ac6.mcu.externaltools.arm-none.macos64_1.6.0.201601291255/tools/compiler/bin/../lib/gcc/arm-none-eabi/5.2.1/../../../../arm-none-eabi/lib/armv7e-m/fpu/libc_nano.a
LOAD /Applications/Ac6/SystemWorkbench.app/Contents/Eclipse/plugins/fr.ac6.mcu.externaltools.arm-none.macos64_1.6.0.201601291255/tools/compiler/bin/../lib/gcc/arm-none-eabi/5.2.1/../../../../arm-none-eabi/lib/armv7e-m/fpu/libnosys.a
END GROUP
LOAD /Applications/Ac6/SystemWorkbench.app/Contents/Eclipse/plugins/fr.ac6.mcu.externaltools.arm-none.macos64_1.6.0.201601291255/tools/compiler/bin/../lib/gcc/arm-none-eabi/5.2.1/armv7e-m/fpu/crtend.o
LOAD /Applications/Ac6/SystemWorkbench.app/Contents/Eclipse/plugins/fr.ac6.mcu.externaltools.arm-none.macos64_1.6.0.201601291255/tools/compiler/bin/../lib/gcc/arm-none-eabi/5.2.1/armv7e-m/fpu/crtn.o
                0x000000002000c000                _estack = 0x2000c000
                0x0000000000000200                _Min_Heap_Size = 0x200
                0x0000000000000400                _Min_Stack_Size = 0x400

.isr_vector     0x0000000008000000      0x190
                0x0000000008000000                . = ALIGN (0x8)
 *(.isr_vector)
 .isr_vector    0x0000000008000000      0x18c Drivers/CMSIS/Device/ST/STM32L4xx/Source/Templates/gcc/startup_stm32l432xx.o
                0x0000000008000000                g_pfnVectors
                0x0000000008000190                . = ALIGN (0x8)
 *fill*         0x000000000800018c        0x4 

.text           0x0000000008000190     0x2130
                0x0000000008000190                . = ALIGN (0x8)
 *(.text)
 .text          0x0000000008000190       0xa4 /Applications/Ac6/SystemWorkbench.app/Contents/Eclipse/plugins/fr.ac6.mcu.externaltools.arm-none.macos64_1.6.0.201601291255/tools/compiler/bin/../lib/gcc/arm-none-eabi/5.2.1/armv7e-m/fpu/crtbegin.o
 .text          0x0000000008000234       0x30 /Applications/Ac6/SystemWorkbench.app/Contents/Eclipse/plugins/fr.ac6.mcu.externaltools.arm-none.macos64_1.6.0.201601291255/tools/compiler/bin/../lib/gcc/arm-none-eabi/5.2.1/armv7e-m/fpu/libgcc.a(_aeabi_uldivmod.o)
                0x0000000008000234                __aeabi_uldivmod
 .text          0x0000000008000264      0x2e4 /Applications/Ac6/SystemWorkbench.app/Contents/Eclipse/plugins/fr.ac6.mcu.externaltools.arm-none.macos64_1.6.0.201601291255/tools/compiler/bin/../lib/gcc/arm-none-eabi/5.2.1/armv7e-m/fpu/libgcc.a(_udivmoddi4.o)
                0x0000000008000264                __udivmoddi4
 .text          0x0000000008000548        0x4 /Applications/Ac6/SystemWorkbench.app/Contents/Eclipse/plugins/fr.ac6.mcu.externaltools.arm-none.macos64_1.6.0.201601291255/tools/compiler/bin/../lib/gcc/arm-none-eabi/5.2.1/armv7e-m/fpu/libgcc.a(_dvmd_tls.o)
                0x0000000008000548                __aeabi_ldiv0
                0x0000000008000548                __aeabi_idiv0
 *(.text*)
 .text.Reset_Handler
                0x000000000800054c       0x50 Drivers/CMSIS/Device/ST/STM32L4xx/Source/Templates/gcc/startup_stm32l432xx.o
                0x000000000800054c                Reset_Handler
 .text.Default_Handler
                0x000000000800059c        0x2 Drivers/CMSIS/Device/ST/STM32L4xx/Source/Templates/gcc/startup_stm32l432xx.o
                0x000000000800059c                TIM1_BRK_TIM15_IRQHandler
                0x000000000800059c                EXTI2_IRQHandler
                0x000000000800059c                DebugMon_Handler
                0x000000000800059c                TIM1_CC_IRQHandler
                0x000000000800059c                TSC_IRQHandler
                0x000000000800059c                HardFault_Handler
                0x000000000800059c                TAMP_STAMP_IRQHandler
                0x000000000800059c                PendSV_Handler
                0x000000000800059c                NMI_Handler
                0x000000000800059c                EXTI3_IRQHandler
                0x000000000800059c                LPTIM2_IRQHandler
                0x000000000800059c                I2C3_ER_IRQHandler
                0x000000000800059c                EXTI0_IRQHandler
                0x000000000800059c                CAN1_RX0_IRQHandler
                0x000000000800059c                FPU_IRQHandler
                0x000000000800059c                TIM1_UP_TIM16_IRQHandler
                0x000000000800059c                UsageFault_Handler
                0x000000000800059c                SPI1_IRQHandler
                0x000000000800059c                DMA2_Channel2_IRQHandler
                0x000000000800059c                DMA1_Channel4_IRQHandler
                0x000000000800059c                ADC1_IRQHandler
                0x000000000800059c                DMA1_Channel7_IRQHandler
                0x000000000800059c                CAN1_RX1_IRQHandler
                0x000000000800059c                DMA2_Channel1_IRQHandler
                0x000000000800059c                QUADSPI_IRQHandler
                0x000000000800059c                I2C1_EV_IRQHandler
                0x000000000800059c                DMA1_Channel6_IRQHandler
                0x000000000800059c                DMA2_Channel4_IRQHandler
                0x000000000800059c                RCC_IRQHandler
                0x000000000800059c                TIM1_TRG_COM_IRQHandler
                0x000000000800059c                DMA1_Channel1_IRQHandler
                0x000000000800059c                Default_Handler
                0x000000000800059c                DMA2_Channel7_IRQHandler
                0x000000000800059c                EXTI15_10_IRQHandler
                0x000000000800059c                TIM7_IRQHandler
                0x000000000800059c                I2C3_EV_IRQHandler
                0x000000000800059c                USB_IRQHandler
                0x000000000800059c                EXTI9_5_IRQHandler
                0x000000000800059c                RTC_WKUP_IRQHandler
                0x000000000800059c                PVD_PVM_IRQHandler
                0x000000000800059c                MemManage_Handler
                0x000000000800059c                CAN1_TX_IRQHandler
                0x000000000800059c                SVC_Handler
                0x000000000800059c                DMA2_Channel5_IRQHandler
                0x000000000800059c                CRS_IRQHandler
                0x000000000800059c                DMA1_Channel5_IRQHandler
                0x000000000800059c                EXTI4_IRQHandler
                0x000000000800059c                RNG_IRQHandler
                0x000000000800059c                DMA1_Channel3_IRQHandler
                0x000000000800059c                COMP_IRQHandler
                0x000000000800059c                WWDG_IRQHandler
                0x000000000800059c                LPUART1_IRQHandler
                0x000000000800059c                DMA2_Channel6_IRQHandler
                0x000000000800059c                TIM2_IRQHandler
                0x000000000800059c                EXTI1_IRQHandler
                0x000000000800059c                USART2_IRQHandler
                0x000000000800059c                DMA1_Channel2_IRQHandler
                0x000000000800059c                CAN1_SCE_IRQHandler
                0x000000000800059c                FLASH_IRQHandler
                0x000000000800059c                BusFault_Handler
                0x000000000800059c                USART1_IRQHandler
                0x000000000800059c                SPI3_IRQHandler
                0x000000000800059c                I2C1_ER_IRQHandler
                0x000000000800059c                SWPMI1_IRQHandler
                0x000000000800059c                LPTIM1_IRQHandler
                0x000000000800059c                SAI1_IRQHandler
                0x000000000800059c                DMA2_Channel3_IRQHandler
                0x000000000800059c                RTC_Alarm_IRQHandler
 *fill*         0x000000000800059e        0x2 
 .text.HAL_Init
                0x00000000080005a0       0x24 Drivers/STM32L4xx_HAL_Driver/Src/stm32l4xx_hal.o
                0x00000000080005a0                HAL_Init
 .text.HAL_IncTick
                0x00000000080005c4       0x10 Drivers/STM32L4xx_HAL_Driver/Src/stm32l4xx_hal.o
                0x00000000080005c4                HAL_IncTick
 .text.HAL_GetTick
                0x00000000080005d4        0xc Drivers/STM32L4xx_HAL_Driver/Src/stm32l4xx_hal.o
                0x00000000080005d4                HAL_GetTick
 .text.HAL_NVIC_SetPriorityGrouping
                0x00000000080005e0       0x24 Drivers/STM32L4xx_HAL_Driver/Src/stm32l4xx_hal_cortex.o
                0x00000000080005e0                HAL_NVIC_SetPriorityGrouping
 .text.HAL_NVIC_SetPriority
                0x0000000008000604       0x70 Drivers/STM32L4xx_HAL_Driver/Src/stm32l4xx_hal_cortex.o
                0x0000000008000604                HAL_NVIC_SetPriority
 .text.HAL_NVIC_EnableIRQ
                0x0000000008000674       0x18 Drivers/STM32L4xx_HAL_Driver/Src/stm32l4xx_hal_cortex.o
                0x0000000008000674                HAL_NVIC_EnableIRQ
 .text.HAL_SYSTICK_Config
                0x000000000800068c       0x34 Drivers/STM32L4xx_HAL_Driver/Src/stm32l4xx_hal_cortex.o
                0x000000000800068c                HAL_SYSTICK_Config
 .text.HAL_SYSTICK_CLKSourceConfig
                0x00000000080006c0       0x18 Drivers/STM32L4xx_HAL_Driver/Src/stm32l4xx_hal_cortex.o
                0x00000000080006c0                HAL_SYSTICK_CLKSourceConfig
 .text.HAL_SYSTICK_Callback
                0x00000000080006d8        0x4 Drivers/STM32L4xx_HAL_Driver/Src/stm32l4xx_hal_cortex.o
                0x00000000080006d8                HAL_SYSTICK_Callback
 .text.HAL_SYSTICK_IRQHandler
                0x00000000080006dc        0x8 Drivers/STM32L4xx_HAL_Driver/Src/stm32l4xx_hal_cortex.o
                0x00000000080006dc                HAL_SYSTICK_IRQHandler
 .text.HAL_GPIO_Init
                0x00000000080006e4      0x1a8 Drivers/STM32L4xx_HAL_Driver/Src/stm32l4xx_hal_gpio.o
                0x00000000080006e4                HAL_GPIO_Init
 .text.HAL_GPIO_WritePin
                0x000000000800088c        0xc Drivers/STM32L4xx_HAL_Driver/Src/stm32l4xx_hal_gpio.o
                0x000000000800088c                HAL_GPIO_WritePin
 .text.HAL_PWREx_GetVoltageRange
                0x0000000008000898       0x10 Drivers/STM32L4xx_HAL_Driver/Src/stm32l4xx_hal_pwr_ex.o
                0x0000000008000898                HAL_PWREx_GetVoltageRange
 .text.HAL_PWREx_ControlVoltageScaling
                0x00000000080008a8       0x78 Drivers/STM32L4xx_HAL_Driver/Src/stm32l4xx_hal_pwr_ex.o
                0x00000000080008a8                HAL_PWREx_ControlVoltageScaling
 .text.HAL_RCC_GetSysClockFreq
                0x0000000008000920      0x16c Drivers/STM32L4xx_HAL_Driver/Src/stm32l4xx_hal_rcc.o
                0x0000000008000920                HAL_RCC_GetSysClockFreq
 .text.HAL_RCC_OscConfig
                0x0000000008000a8c      0x680 Drivers/STM32L4xx_HAL_Driver/Src/stm32l4xx_hal_rcc.o
                0x0000000008000a8c                HAL_RCC_OscConfig
 .text.HAL_RCC_ClockConfig
                0x000000000800110c      0x180 Drivers/STM32L4xx_HAL_Driver/Src/stm32l4xx_hal_rcc.o
                0x000000000800110c                HAL_RCC_ClockConfig
 .text.HAL_RCC_GetHCLKFreq
                0x000000000800128c        0xc Drivers/STM32L4xx_HAL_Driver/Src/stm32l4xx_hal_rcc.o
                0x000000000800128c                HAL_RCC_GetHCLKFreq
 .text.HAL_RCC_GetPCLK1Freq
                0x0000000008001298       0x30 Drivers/STM32L4xx_HAL_Driver/Src/stm32l4xx_hal_rcc.o
                0x0000000008001298                HAL_RCC_GetPCLK1Freq
 .text.HAL_RCC_GetPCLK2Freq
                0x00000000080012c8       0x30 Drivers/STM32L4xx_HAL_Driver/Src/stm32l4xx_hal_rcc.o
                0x00000000080012c8                HAL_RCC_GetPCLK2Freq
 .text.HAL_RCC_GetClockConfig
                0x00000000080012f8       0x44 Drivers/STM32L4xx_HAL_Driver/Src/stm32l4xx_hal_rcc.o
                0x00000000080012f8                HAL_RCC_GetClockConfig
 .text.RCCEx_PLLSAI1_Config
                0x000000000800133c      0x178 Drivers/STM32L4xx_HAL_Driver/Src/stm32l4xx_hal_rcc_ex.o
 .text.HAL_RCCEx_PeriphCLKConfig
                0x00000000080014b4      0x2bc Drivers/STM32L4xx_HAL_Driver/Src/stm32l4xx_hal_rcc_ex.o
                0x00000000080014b4                HAL_RCCEx_PeriphCLKConfig
 .text.HAL_SPI_Init
                0x0000000008001770       0xdc Drivers/STM32L4xx_HAL_Driver/Src/stm32l4xx_hal_spi.o
                0x0000000008001770                HAL_SPI_Init
 .text.HAL_TIM_Base_MspInit
                0x000000000800184c        0x4 Drivers/STM32L4xx_HAL_Driver/Src/stm32l4xx_hal_tim.o
                0x000000000800184c                HAL_TIM_Base_MspInit
 .text.HAL_TIM_Base_Init
                0x0000000008001850       0xb8 Drivers/STM32L4xx_HAL_Driver/Src/stm32l4xx_hal_tim.o
                0x0000000008001850                HAL_TIM_Base_Init
 .text.HAL_TIM_Base_Start_IT
                0x0000000008001908       0x18 Drivers/STM32L4xx_HAL_Driver/Src/stm32l4xx_hal_tim.o
                0x0000000008001908                HAL_TIM_Base_Start_IT
 .text.HAL_TIM_OC_DelayElapsedCallback
                0x0000000008001920        0x4 Drivers/STM32L4xx_HAL_Driver/Src/stm32l4xx_hal_tim.o
                0x0000000008001920                HAL_TIM_OC_DelayElapsedCallback
 .text.HAL_TIM_IC_CaptureCallback
                0x0000000008001924        0x4 Drivers/STM32L4xx_HAL_Driver/Src/stm32l4xx_hal_tim.o
                0x0000000008001924                HAL_TIM_IC_CaptureCallback
 .text.HAL_TIM_PWM_PulseFinishedCallback
                0x0000000008001928        0x4 Drivers/STM32L4xx_HAL_Driver/Src/stm32l4xx_hal_tim.o
                0x0000000008001928                HAL_TIM_PWM_PulseFinishedCallback
 .text.HAL_TIM_TriggerCallback
                0x000000000800192c        0x4 Drivers/STM32L4xx_HAL_Driver/Src/stm32l4xx_hal_tim.o
                0x000000000800192c                HAL_TIM_TriggerCallback
 .text.HAL_TIM_IRQHandler
                0x0000000008001930      0x154 Drivers/STM32L4xx_HAL_Driver/Src/stm32l4xx_hal_tim.o
                0x0000000008001930                HAL_TIM_IRQHandler
 .text.HAL_TIMEx_CommutationCallback
                0x0000000008001a84        0x4 Drivers/STM32L4xx_HAL_Driver/Src/stm32l4xx_hal_tim_ex.o
                0x0000000008001a84                HAL_TIMEx_CommutationCallback
 .text.HAL_TIMEx_BreakCallback
                0x0000000008001a88        0x4 Drivers/STM32L4xx_HAL_Driver/Src/stm32l4xx_hal_tim_ex.o
                0x0000000008001a88                HAL_TIMEx_BreakCallback
 .text.UART_AdvFeatureConfig
                0x0000000008001a8c       0xb0 Drivers/STM32L4xx_HAL_Driver/Src/stm32l4xx_hal_uart.o
                0x0000000008001a8c                UART_AdvFeatureConfig
 .text.HAL_UART_Init
                0x0000000008001b3c      0x354 Drivers/STM32L4xx_HAL_Driver/Src/stm32l4xx_hal_uart.o
                0x0000000008001b3c                HAL_UART_Init
 .text.SystemClock_Config
                0x0000000008001e90       0x98 Src/main.o
                0x0000000008001e90                SystemClock_Config
 .text.startup.main
                0x0000000008001f28      0x100 Src/main.o
                0x0000000008001f28                main
 .text.HAL_TIM_PeriodElapsedCallback
                0x0000000008002028       0x14 Src/main.o
                0x0000000008002028                HAL_TIM_PeriodElapsedCallback
 .text.HAL_MspInit
                0x000000000800203c       0x90 Src/stm32l4xx_hal_msp.o
                0x000000000800203c                HAL_MspInit
 .text.HAL_SPI_MspInit
                0x00000000080020cc       0x4c Src/stm32l4xx_hal_msp.o
                0x00000000080020cc                HAL_SPI_MspInit
 .text.HAL_UART_MspInit
                0x0000000008002118       0x64 Src/stm32l4xx_hal_msp.o
                0x0000000008002118                HAL_UART_MspInit
 .text.HAL_InitTick
                0x000000000800217c       0x7c Src/stm32l4xx_hal_timebase_TIM.o
                0x000000000800217c                HAL_InitTick
 .text.SysTick_Handler
                0x00000000080021f8        0x4 Src/stm32l4xx_it.o
                0x00000000080021f8                SysTick_Handler
 .text.TIM6_DAC_IRQHandler
                0x00000000080021fc        0xc Src/stm32l4xx_it.o
                0x00000000080021fc                TIM6_DAC_IRQHandler
 .text.SystemInit
                0x0000000008002208       0x50 Src/system_stm32l4xx.o
                0x0000000008002208                SystemInit
 .text.__libc_init_array
                0x0000000008002258       0x4c /Applications/Ac6/SystemWorkbench.app/Contents/Eclipse/plugins/fr.ac6.mcu.externaltools.arm-none.macos64_1.6.0.201601291255/tools/compiler/bin/../lib/gcc/arm-none-eabi/5.2.1/../../../../arm-none-eabi/lib/armv7e-m/fpu/libc_nano.a(lib_a-init.o)
                0x0000000008002258                __libc_init_array
 *(.glue_7)
 .glue_7        0x00000000080022a4        0x0 linker stubs
 *(.glue_7t)
 .glue_7t       0x00000000080022a4        0x0 linker stubs
 *(.eh_frame)
 .eh_frame      0x00000000080022a4        0x0 /Applications/Ac6/SystemWorkbench.app/Contents/Eclipse/plugins/fr.ac6.mcu.externaltools.arm-none.macos64_1.6.0.201601291255/tools/compiler/bin/../lib/gcc/arm-none-eabi/5.2.1/armv7e-m/fpu/crtbegin.o
 *(.init)
 .init          0x00000000080022a4        0x4 /Applications/Ac6/SystemWorkbench.app/Contents/Eclipse/plugins/fr.ac6.mcu.externaltools.arm-none.macos64_1.6.0.201601291255/tools/compiler/bin/../lib/gcc/arm-none-eabi/5.2.1/armv7e-m/fpu/crti.o
                0x00000000080022a4                _init
 .init          0x00000000080022a8        0x8 /Applications/Ac6/SystemWorkbench.app/Contents/Eclipse/plugins/fr.ac6.mcu.externaltools.arm-none.macos64_1.6.0.201601291255/tools/compiler/bin/../lib/gcc/arm-none-eabi/5.2.1/armv7e-m/fpu/crtn.o
 *(.fini)
 .fini          0x00000000080022b0        0x4 /Applications/Ac6/SystemWorkbench.app/Contents/Eclipse/plugins/fr.ac6.mcu.externaltools.arm-none.macos64_1.6.0.201601291255/tools/compiler/bin/../lib/gcc/arm-none-eabi/5.2.1/armv7e-m/fpu/crti.o
                0x00000000080022b0                _fini
 .fini          0x00000000080022b4        0x8 /Applications/Ac6/SystemWorkbench.app/Contents/Eclipse/plugins/fr.ac6.mcu.externaltools.arm-none.macos64_1.6.0.201601291255/tools/compiler/bin/../lib/gcc/arm-none-eabi/5.2.1/armv7e-m/fpu/crtn.o
                0x00000000080022c0                . = ALIGN (0x8)
 *fill*         0x00000000080022bc        0x4 
                0x00000000080022c0                _etext = .

.vfp11_veneer   0x00000000080022c0        0x0
 .vfp11_veneer  0x00000000080022c0        0x0 linker stubs

.v4_bx          0x00000000080022c0        0x0
 .v4_bx         0x00000000080022c0        0x0 linker stubs

.iplt           0x00000000080022c0        0x0
 .iplt          0x00000000080022c0        0x0 /Applications/Ac6/SystemWorkbench.app/Contents/Eclipse/plugins/fr.ac6.mcu.externaltools.arm-none.macos64_1.6.0.201601291255/tools/compiler/bin/../lib/gcc/arm-none-eabi/5.2.1/armv7e-m/fpu/crtbegin.o

.rodata         0x00000000080022c0       0x60
                0x00000000080022c0                . = ALIGN (0x8)
 *(.rodata)
 .rodata        0x00000000080022c0       0x11 Drivers/STM32L4xx_HAL_Driver/Src/stm32l4xx_hal_uart.o
 *fill*         0x00000000080022d1        0x3 
 .rodata        0x00000000080022d4       0x48 Src/system_stm32l4xx.o
                0x00000000080022d4                MSIRangeTable
                0x0000000008002304                AHBPrescTable
                0x0000000008002314                APBPrescTable
 *(.rodata*)
                0x0000000008002320                . = ALIGN (0x8)
 *fill*         0x000000000800231c        0x4 

.ARM.extab      0x0000000008002320        0x0
                0x0000000008002320                . = ALIGN (0x8)
 *(.ARM.extab* .gnu.linkonce.armextab.*)
                0x0000000008002320                . = ALIGN (0x8)

.ARM            0x0000000008002320        0x8
                0x0000000008002320                . = ALIGN (0x8)
                0x0000000008002320                __exidx_start = .
 *(.ARM.exidx*)
 .ARM.exidx     0x0000000008002320        0x8 /Applications/Ac6/SystemWorkbench.app/Contents/Eclipse/plugins/fr.ac6.mcu.externaltools.arm-none.macos64_1.6.0.201601291255/tools/compiler/bin/../lib/gcc/arm-none-eabi/5.2.1/armv7e-m/fpu/libgcc.a(_udivmoddi4.o)
                0x0000000008002328                __exidx_end = .
                0x0000000008002328                . = ALIGN (0x8)

.rel.dyn        0x0000000008002328        0x0
 .rel.iplt      0x0000000008002328        0x0 /Applications/Ac6/SystemWorkbench.app/Contents/Eclipse/plugins/fr.ac6.mcu.externaltools.arm-none.macos64_1.6.0.201601291255/tools/compiler/bin/../lib/gcc/arm-none-eabi/5.2.1/armv7e-m/fpu/crtbegin.o

.preinit_array  0x0000000008002328        0x0
                0x0000000008002328                . = ALIGN (0x8)
                0x0000000008002328                PROVIDE (__preinit_array_start, .)
 *(.preinit_array*)
                0x0000000008002328                PROVIDE (__preinit_array_end, .)
                0x0000000008002328                . = ALIGN (0x8)

.init_array     0x0000000008002328        0x8
                0x0000000008002328                . = ALIGN (0x8)
                0x0000000008002328                PROVIDE (__init_array_start, .)
 *(SORT(.init_array.*))
 *(.init_array*)
 .init_array    0x0000000008002328        0x4 /Applications/Ac6/SystemWorkbench.app/Contents/Eclipse/plugins/fr.ac6.mcu.externaltools.arm-none.macos64_1.6.0.201601291255/tools/compiler/bin/../lib/gcc/arm-none-eabi/5.2.1/armv7e-m/fpu/crtbegin.o
                0x000000000800232c                PROVIDE (__init_array_end, .)
                0x0000000008002330                . = ALIGN (0x8)
 *fill*         0x000000000800232c        0x4 

.fini_array     0x0000000008002330        0x8
                0x0000000008002330                . = ALIGN (0x8)
                [!provide]                        PROVIDE (__fini_array_start, .)
 *(SORT(.fini_array.*))
 *(.fini_array*)
 .fini_array    0x0000000008002330        0x4 /Applications/Ac6/SystemWorkbench.app/Contents/Eclipse/plugins/fr.ac6.mcu.externaltools.arm-none.macos64_1.6.0.201601291255/tools/compiler/bin/../lib/gcc/arm-none-eabi/5.2.1/armv7e-m/fpu/crtbegin.o
                [!provide]                        PROVIDE (__fini_array_end, .)
                0x0000000008002338                . = ALIGN (0x8)
 *fill*         0x0000000008002334        0x4 
                0x0000000008002338                _sidata = LOADADDR (.data)

.data           0x0000000020000000        0x8 load address 0x0000000008002338
                0x0000000020000000                . = ALIGN (0x8)
                0x0000000020000000                _sdata = .
 *(.data)
 .data          0x0000000020000000        0x4 Src/system_stm32l4xx.o
                0x0000000020000000                SystemCoreClock
 *(.data*)
                0x0000000020000008                . = ALIGN (0x8)
 *fill*         0x0000000020000004        0x4 
                0x0000000020000008                _edata = .

.jcr            0x0000000020000008        0x0 load address 0x0000000008002340
 .jcr           0x0000000020000008        0x0 /Applications/Ac6/SystemWorkbench.app/Contents/Eclipse/plugins/fr.ac6.mcu.externaltools.arm-none.macos64_1.6.0.201601291255/tools/compiler/bin/../lib/gcc/arm-none-eabi/5.2.1/armv7e-m/fpu/crtbegin.o

.tm_clone_table
                0x0000000020000008        0x0 load address 0x0000000008002340
 .tm_clone_table
                0x0000000020000008        0x0 /Applications/Ac6/SystemWorkbench.app/Contents/Eclipse/plugins/fr.ac6.mcu.externaltools.arm-none.macos64_1.6.0.201601291255/tools/compiler/bin/../lib/gcc/arm-none-eabi/5.2.1/armv7e-m/fpu/crtbegin.o
 .tm_clone_table
                0x0000000020000008        0x0 /Applications/Ac6/SystemWorkbench.app/Contents/Eclipse/plugins/fr.ac6.mcu.externaltools.arm-none.macos64_1.6.0.201601291255/tools/compiler/bin/../lib/gcc/arm-none-eabi/5.2.1/armv7e-m/fpu/crtend.o

.igot.plt       0x0000000020000008        0x0 load address 0x0000000008002340
 .igot.plt      0x0000000020000008        0x0 /Applications/Ac6/SystemWorkbench.app/Contents/Eclipse/plugins/fr.ac6.mcu.externaltools.arm-none.macos64_1.6.0.201601291255/tools/compiler/bin/../lib/gcc/arm-none-eabi/5.2.1/armv7e-m/fpu/crtbegin.o
                0x0000000020000008                . = ALIGN (0x4)

.bss            0x0000000020000008      0x130 load address 0x0000000008002340
                0x0000000020000008                _sbss = .
                0x0000000020000008                __bss_start__ = _sbss
 *(.bss)
 .bss           0x0000000020000008       0x1c /Applications/Ac6/SystemWorkbench.app/Contents/Eclipse/plugins/fr.ac6.mcu.externaltools.arm-none.macos64_1.6.0.201601291255/tools/compiler/bin/../lib/gcc/arm-none-eabi/5.2.1/armv7e-m/fpu/crtbegin.o
 *(.bss*)
 *(COMMON)
 COMMON         0x0000000020000024        0x4 Drivers/STM32L4xx_HAL_Driver/Src/stm32l4xx_hal.o
                0x0000000020000024                uwTick
 COMMON         0x0000000020000028       0xd4 Src/main.o
                0x0000000020000028                hspi1
                0x000000002000008c                huart2
 COMMON         0x00000000200000fc       0x3c Src/stm32l4xx_hal_timebase_TIM.o
                0x00000000200000fc                htim6
                0x0000000020000138                . = ALIGN (0x4)
                0x0000000020000138                _ebss = .
                0x0000000020000138                __bss_end__ = _ebss

._user_heap_stack
                0x0000000020000138      0x600 load address 0x0000000008002340
                0x0000000020000138                . = ALIGN (0x8)
                [!provide]                        PROVIDE (end, .)
                [!provide]                        PROVIDE (_end, .)
                0x0000000020000338                . = (. + _Min_Heap_Size)
 *fill*         0x0000000020000138      0x200 
                0x0000000020000738                . = (. + _Min_Stack_Size)
 *fill*         0x0000000020000338      0x400 
                0x0000000020000738                . = ALIGN (0x8)

/DISCARD/
 libc.a(*)
 libm.a(*)
 libgcc.a(*)

.ARM.attributes
                0x0000000000000000       0x30
 *(.ARM.attributes)
 .ARM.attributes
                0x0000000000000000       0x22 /Applications/Ac6/SystemWorkbench.app/Contents/Eclipse/plugins/fr.ac6.mcu.externaltools.arm-none.macos64_1.6.0.201601291255/tools/compiler/bin/../lib/gcc/arm-none-eabi/5.2.1/armv7e-m/fpu/crti.o
 .ARM.attributes
                0x0000000000000022       0x34 /Applications/Ac6/SystemWorkbench.app/Contents/Eclipse/plugins/fr.ac6.mcu.externaltools.arm-none.macos64_1.6.0.201601291255/tools/compiler/bin/../lib/gcc/arm-none-eabi/5.2.1/armv7e-m/fpu/crtbegin.o
 .ARM.attributes
                0x0000000000000056       0x21 Drivers/CMSIS/Device/ST/STM32L4xx/Source/Templates/gcc/startup_stm32l432xx.o
 .ARM.attributes
                0x0000000000000077       0x39 Drivers/STM32L4xx_HAL_Driver/Src/stm32l4xx_hal.o
 .ARM.attributes
                0x00000000000000b0       0x39 Drivers/STM32L4xx_HAL_Driver/Src/stm32l4xx_hal_cortex.o
 .ARM.attributes
                0x00000000000000e9       0x39 Drivers/STM32L4xx_HAL_Driver/Src/stm32l4xx_hal_gpio.o
 .ARM.attributes
                0x0000000000000122       0x39 Drivers/STM32L4xx_HAL_Driver/Src/stm32l4xx_hal_pwr_ex.o
 .ARM.attributes
                0x000000000000015b       0x39 Drivers/STM32L4xx_HAL_Driver/Src/stm32l4xx_hal_rcc.o
 .ARM.attributes
                0x0000000000000194       0x39 Drivers/STM32L4xx_HAL_Driver/Src/stm32l4xx_hal_rcc_ex.o
 .ARM.attributes
                0x00000000000001cd       0x39 Drivers/STM32L4xx_HAL_Driver/Src/stm32l4xx_hal_spi.o
 .ARM.attributes
                0x0000000000000206       0x39 Drivers/STM32L4xx_HAL_Driver/Src/stm32l4xx_hal_tim.o
 .ARM.attributes
                0x000000000000023f       0x39 Drivers/STM32L4xx_HAL_Driver/Src/stm32l4xx_hal_tim_ex.o
 .ARM.attributes
                0x0000000000000278       0x39 Drivers/STM32L4xx_HAL_Driver/Src/stm32l4xx_hal_uart.o
 .ARM.attributes
                0x00000000000002b1       0x39 Src/main.o
 .ARM.attributes
                0x00000000000002ea       0x39 Src/stm32l4xx_hal_msp.o
 .ARM.attributes
                0x0000000000000323       0x39 Src/stm32l4xx_hal_timebase_TIM.o
 .ARM.attributes
                0x000000000000035c       0x39 Src/stm32l4xx_it.o
 .ARM.attributes
                0x0000000000000395       0x39 Src/system_stm32l4xx.o
 .ARM.attributes
                0x00000000000003ce       0x22 /Applications/Ac6/SystemWorkbench.app/Contents/Eclipse/plugins/fr.ac6.mcu.externaltools.arm-none.macos64_1.6.0.201601291255/tools/compiler/bin/../lib/gcc/arm-none-eabi/5.2.1/armv7e-m/fpu/libgcc.a(_aeabi_uldivmod.o)
 .ARM.attributes
                0x00000000000003f0       0x34 /Applications/Ac6/SystemWorkbench.app/Contents/Eclipse/plugins/fr.ac6.mcu.externaltools.arm-none.macos64_1.6.0.201601291255/tools/compiler/bin/../lib/gcc/arm-none-eabi/5.2.1/armv7e-m/fpu/libgcc.a(_udivmoddi4.o)
 .ARM.attributes
                0x0000000000000424       0x22 /Applications/Ac6/SystemWorkbench.app/Contents/Eclipse/plugins/fr.ac6.mcu.externaltools.arm-none.macos64_1.6.0.201601291255/tools/compiler/bin/../lib/gcc/arm-none-eabi/5.2.1/armv7e-m/fpu/libgcc.a(_dvmd_tls.o)
 .ARM.attributes
                0x0000000000000446       0x34 /Applications/Ac6/SystemWorkbench.app/Contents/Eclipse/plugins/fr.ac6.mcu.externaltools.arm-none.macos64_1.6.0.201601291255/tools/compiler/bin/../lib/gcc/arm-none-eabi/5.2.1/../../../../arm-none-eabi/lib/armv7e-m/fpu/libc_nano.a(lib_a-init.o)
 .ARM.attributes
                0x000000000000047a       0x34 /Applications/Ac6/SystemWorkbench.app/Contents/Eclipse/plugins/fr.ac6.mcu.externaltools.arm-none.macos64_1.6.0.201601291255/tools/compiler/bin/../lib/gcc/arm-none-eabi/5.2.1/armv7e-m/fpu/crtend.o
 .ARM.attributes
                0x00000000000004ae       0x22 /Applications/Ac6/SystemWorkbench.app/Contents/Eclipse/plugins/fr.ac6.mcu.externaltools.arm-none.macos64_1.6.0.201601291255/tools/compiler/bin/../lib/gcc/arm-none-eabi/5.2.1/armv7e-m/fpu/crtn.o
OUTPUT(sandbox_LTC.elf elf32-littlearm)

.debug_line     0x0000000000000000       0xae
 .debug_line    0x0000000000000000       0xae Drivers/CMSIS/Device/ST/STM32L4xx/Source/Templates/gcc/startup_stm32l432xx.o

.debug_info     0x0000000000000000       0xb1
 .debug_info    0x0000000000000000       0xb1 Drivers/CMSIS/Device/ST/STM32L4xx/Source/Templates/gcc/startup_stm32l432xx.o

.debug_abbrev   0x0000000000000000       0x12
 .debug_abbrev  0x0000000000000000       0x12 Drivers/CMSIS/Device/ST/STM32L4xx/Source/Templates/gcc/startup_stm32l432xx.o

.debug_aranges  0x0000000000000000       0x28
 .debug_aranges
                0x0000000000000000       0x28 Drivers/CMSIS/Device/ST/STM32L4xx/Source/Templates/gcc/startup_stm32l432xx.o

.debug_ranges   0x0000000000000000       0x20
 .debug_ranges  0x0000000000000000       0x20 Drivers/CMSIS/Device/ST/STM32L4xx/Source/Templates/gcc/startup_stm32l432xx.o

.comment        0x0000000000000000       0x6e
 .comment       0x0000000000000000       0x6e Drivers/STM32L4xx_HAL_Driver/Src/stm32l4xx_hal.o
                                         0x6f (size before relaxing)
 .comment       0x000000000000006e       0x6f Drivers/STM32L4xx_HAL_Driver/Src/stm32l4xx_hal_cortex.o
 .comment       0x000000000000006e       0x6f Drivers/STM32L4xx_HAL_Driver/Src/stm32l4xx_hal_gpio.o
 .comment       0x000000000000006e       0x6f Drivers/STM32L4xx_HAL_Driver/Src/stm32l4xx_hal_pwr_ex.o
 .comment       0x000000000000006e       0x6f Drivers/STM32L4xx_HAL_Driver/Src/stm32l4xx_hal_rcc.o
 .comment       0x000000000000006e       0x6f Drivers/STM32L4xx_HAL_Driver/Src/stm32l4xx_hal_rcc_ex.o
 .comment       0x000000000000006e       0x6f Drivers/STM32L4xx_HAL_Driver/Src/stm32l4xx_hal_spi.o
 .comment       0x000000000000006e       0x6f Drivers/STM32L4xx_HAL_Driver/Src/stm32l4xx_hal_tim.o
 .comment       0x000000000000006e       0x6f Drivers/STM32L4xx_HAL_Driver/Src/stm32l4xx_hal_tim_ex.o
 .comment       0x000000000000006e       0x6f Drivers/STM32L4xx_HAL_Driver/Src/stm32l4xx_hal_uart.o
 .comment       0x000000000000006e       0x6f Src/main.o
 .comment       0x000000000000006e       0x6f Src/stm32l4xx_hal_msp.o
 .comment       0x000000000000006e       0x6f Src/stm32l4xx_hal_timebase_TIM.o
 .comment       0x000000000000006e       0x6f Src/stm32l4xx_it.o
 .comment       0x000000000000006e       0x6f Src/system_stm32l4xx.o

.debug_frame    0x0000000000000000       0x8c
 .debug_frame   0x0000000000000000       0x2c /Applications/Ac6/SystemWorkbench.app/Contents/Eclipse/plugins/fr.ac6.mcu.externaltools.arm-none.macos64_1.6.0.201601291255/tools/compiler/bin/../lib/gcc/arm-none-eabi/5.2.1/armv7e-m/fpu/libgcc.a(_aeabi_uldivmod.o)
 .debug_frame   0x000000000000002c       0x34 /Applications/Ac6/SystemWorkbench.app/Contents/Eclipse/plugins/fr.ac6.mcu.externaltools.arm-none.macos64_1.6.0.201601291255/tools/compiler/bin/../lib/gcc/arm-none-eabi/5.2.1/armv7e-m/fpu/libgcc.a(_udivmoddi4.o)
 .debug_frame   0x0000000000000060       0x2c /Applications/Ac6/SystemWorkbench.app/Contents/Eclipse/plugins/fr.ac6.mcu.externaltools.arm-none.macos64_1.6.0.201601291255/tools/compiler/bin/../lib/gcc/arm-none-eabi/5.2.1/../../../../arm-none-eabi/lib/armv7e-m/fpu/libc_nano.a(lib_a-init.o)
